To honour the JVM settings for this build a single-use Daemon process will be forked. For more on this, please refer to https://docs.gradle.org/8.11.1/userguide/gradle_daemon.html#sec:disabling_the_daemon in the Gradle documentation.
Daemon will be stopped at the end of the build 
> Task :app:checkKotlinGradlePluginConfigurationErrors SKIPPED
> Task :app:preBuild UP-TO-DATE
> Task :app:preDebugBuild UP-TO-DATE
> Task :app:generateDebugBuildConfig UP-TO-DATE
> Task :app:checkDebugAarMetadata UP-TO-DATE
> Task :app:generateDebugResValues UP-TO-DATE
> Task :app:mapDebugSourceSetPaths UP-TO-DATE
> Task :app:generateDebugResources UP-TO-DATE
> Task :app:mergeDebugResources UP-TO-DATE
> Task :app:packageDebugResources UP-TO-DATE
> Task :app:parseDebugLocalResources UP-TO-DATE
> Task :app:createDebugCompatibleScreenManifests UP-TO-DATE
> Task :app:extractDeepLinksDebug UP-TO-DATE
> Task :app:processDebugMainManifest UP-TO-DATE
> Task :app:processDebugManifest UP-TO-DATE
> Task :app:processDebugManifestForPackage UP-TO-DATE
> Task :app:processDebugResources UP-TO-DATE
> Task :app:javaPreCompileDebug UP-TO-DATE
> Task :app:preDebugUnitTestBuild UP-TO-DATE
> Task :app:javaPreCompileDebugUnitTest UP-TO-DATE

> Task :app:compileDebugKotlin
w: file:///D:/coding/dsh-mobile/dsh-mobile-apk/app/src/main/java/com/dsharnessmobile/shell/EngineManager.kt:650:10 Only safe (?.) or non-null asserted (!!.) calls are allowed on a nullable receiver of type 'java.io.File?'.
w: file:///D:/coding/dsh-mobile/dsh-mobile-apk/app/src/main/java/com/dsharnessmobile/shell/EngineManager.kt:1138:27 Only safe (?.) or non-null asserted (!!.) calls are allowed on a nullable receiver of type 'java.io.File?'.
w: file:///D:/coding/dsh-mobile/dsh-mobile-apk/app/src/main/java/com/dsharnessmobile/shell/EngineManager.kt:1140:33 Only safe (?.) or non-null asserted (!!.) calls are allowed on a nullable receiver of type 'java.io.File?'.
w: file:///D:/coding/dsh-mobile/dsh-mobile-apk/app/src/main/java/com/dsharnessmobile/shell/MainActivity.kt:343:16 'static field SYSTEM_UI_FLAG_FULLSCREEN: Int' is deprecated. Deprecated in Java.
w: file:///D:/coding/dsh-mobile/dsh-mobile-apk/app/src/main/java/com/dsharnessmobile/shell/MainActivity.kt:344:18 'static field SYSTEM_UI_FLAG_IMMERSIVE_STICKY: Int' is deprecated. Deprecated in Java.
w: file:///D:/coding/dsh-mobile/dsh-mobile-apk/app/src/main/java/com/dsharnessmobile/shell/MainActivity.kt:345:18 'static field SYSTEM_UI_FLAG_LAYOUT_STABLE: Int' is deprecated. Deprecated in Java.
w: file:///D:/coding/dsh-mobile/dsh-mobile-apk/app/src/main/java/com/dsharnessmobile/shell/MainActivity.kt:346:18 'static field SYSTEM_UI_FLAG_LAYOUT_FULLSCREEN: Int' is deprecated. Deprecated in Java.
w: file:///D:/coding/dsh-mobile/dsh-mobile-apk/app/src/main/java/com/dsharnessmobile/shell/MainActivity.kt:350:26 'var systemUiVisibility: Int' is deprecated. Deprecated in Java.
w: file:///D:/coding/dsh-mobile/dsh-mobile-apk/app/src/main/java/com/dsharnessmobile/shell/MainActivity.kt:400:16 This declaration overrides a deprecated member but is not marked as deprecated itself. Please add the '@Deprecated' annotation or suppress the diagnostic.
w: file:///D:/coding/dsh-mobile/dsh-mobile-apk/app/src/main/java/com/dsharnessmobile/shell/MainActivity.kt:401:58 'fun onBackPressed(): Unit' is deprecated. This method has been deprecated in favor of using the
      {@link OnBackPressedDispatcher} via {@link #getOnBackPressedDispatcher()}.
      The OnBackPressedDispatcher controls how back button events are dispatched
      to one or more {@link OnBackPressedCallback} objects.
w: file:///D:/coding/dsh-mobile/dsh-mobile-apk/app/src/main/java/com/dsharnessmobile/shell/MainActivity.kt:737:24 'static field SCREEN_BRIGHT_WAKE_LOCK: Int' is deprecated. Deprecated in Java.

> Task :app:compileDebugJavaWithJavac UP-TO-DATE
> Task :app:processDebugJavaRes UP-TO-DATE
> Task :app:bundleDebugClassesToRuntimeJar
> Task :app:bundleDebugClassesToCompileJar
> Task :app:compileDebugUnitTestKotlin
> Task :app:compileDebugUnitTestJavaWithJavac NO-SOURCE
> Task :app:processDebugUnitTestJavaRes UP-TO-DATE

> Task :app:testDebugUnitTest

ControlProtocolV2Test > kotlinEncoderMatchesTsEncoderBitForBit FAILED
    java.lang.AssertionError at ControlProtocolV2Test.kt:63

CallSiteContractTest > overlayEnabledMergesPreferencePermissionAndServiceInstance FAILED
    java.lang.AssertionError at CallSiteContractTest.kt:81

CallSiteContractTest > startFlowUsesTheRecoveryPrelude FAILED
    java.lang.AssertionError at CallSiteContractTest.kt:122

CallSiteContractTest > logcatReadGoesThroughBoundedProcIo FAILED
    java.lang.AssertionError at CallSiteContractTest.kt:98

CallSiteContractTest > onResumeDoesNotProbeTheEngineOnTheMainThread FAILED
    java.lang.AssertionError at CallSiteContractTest.kt:59

CallSiteContractTest > onResumeSyncsFullAccess FAILED
    java.lang.AssertionError at CallSiteContractTest.kt:49

DiagnosticsMirrorTest > mirrorIsBoundedAndMarksTheOmittedHead FAILED
    java.lang.AssertionError at DiagnosticsMirrorTest.kt:35

LogRotationTest > renameFailureKeepsTheRotatedFileAndTheCurrentOne FAILED
    java.lang.AssertionError at LogRotationTest.kt:32

LogRotationTest > previousGenerationIsMovedAsideThenClearedOnlyAfterTheMainRename FAILED
    java.lang.AssertionError at LogRotationTest.kt:59

LogRotationTest > staleSupersededThatCannotBeClearedSkipsRotationWithoutTouchingDotOne FAILED
    java.lang.AssertionError at LogRotationTest.kt:70

ProcIoTest > drainTimeoutIsNotTheSameShapeAsVacuousOutput FAILED
    java.lang.AssertionError at ProcIoTest.kt:41

WatchdogLadderTest > backoffEscalatesUnderDegradedHttpInsteadOfStayingFiveSeconds FAILED
    java.lang.AssertionError at WatchdogLadderTest.kt:55

WatchdogLadderTest > degradedHttpLadderEscalatesToRestartOnTheSixthTick FAILED
    java.lang.AssertionError at WatchdogLadderTest.kt:196

WatchdogLadderTest > startupRecoveryRunsBeforeTheProbeEarlyExit FAILED
    java.lang.AssertionError at WatchdogLadderTest.kt:273

WatchdogLadderTest > preludeStillRunsWhenTheCircuitBreakerIsOpen FAILED
    java.lang.AssertionError at WatchdogLadderTest.kt:143

WatchdogLadderTest > preludeSideEffectsRunInEveryProbeState FAILED
    java.lang.AssertionError at WatchdogLadderTest.kt:96

84 tests completed, 16 failed, 1 skipped

> Task :app:testDebugUnitTest FAILED

FAILURE: Build failed with an exception.

* What went wrong:
Execution failed for task ':app:testDebugUnitTest'.
> There were failing tests. See the report at: file:///D:/coding/dsh-mobile/dsh-mobile-apk/app/build/reports/tests/testDebugUnitTest/index.html

* Try:
> Run with --scan to get full insights.

BUILD FAILED in 1m 6s
24 actionable tasks: 5 executed, 19 up-to-date
