To honour the JVM settings for this build a single-use Daemon process will be forked. For more on this, please refer to https://docs.gradle.org/8.11.1/userguide/gradle_daemon.html#sec:disabling_the_daemon in the Gradle documentation.
Daemon will be stopped at the end of the build 
> Task :app:preBuild UP-TO-DATE
> Task :app:preDebugBuild UP-TO-DATE
> Task :app:compileDebugAidl UP-TO-DATE
> Task :app:checkKotlinGradlePluginConfigurationErrors SKIPPED
> Task :app:generateDebugBuildConfig UP-TO-DATE
> Task :app:checkDebugAarMetadata UP-TO-DATE
> Task :app:generateDebugResValues UP-TO-DATE
> Task :app:mapDebugSourceSetPaths UP-TO-DATE
> Task :app:generateDebugResources UP-TO-DATE
> Task :app:mergeDebugResources UP-TO-DATE
> Task :app:packageDebugResources UP-TO-DATE
> Task :app:parseDebugLocalResources UP-TO-DATE
> Task :app:createDebugCompatibleScreenManifests UP-TO-DATE
> Task :app:extractDeepLinksDebug UP-TO-DATE
> Task :app:processDebugMainManifest UP-TO-DATE
> Task :app:processDebugManifest UP-TO-DATE
> Task :app:processDebugManifestForPackage UP-TO-DATE
> Task :app:processDebugResources UP-TO-DATE
> Task :app:javaPreCompileDebug UP-TO-DATE
> Task :app:preDebugUnitTestBuild UP-TO-DATE
> Task :app:javaPreCompileDebugUnitTest UP-TO-DATE
> Task :app:compileDebugKotlin
w: file:///D:/coding/dsh-mobile/dsh-mobile-apk/app/src/main/java/com/dsharnessmobile/shell/AdbState.kt:206:17 'fun resolveService(p0: NsdServiceInfo!, p1: NsdManager.ResolveListener!): Unit' is deprecated. Deprecated in Java.
w: file:///D:/coding/dsh-mobile/dsh-mobile-apk/app/src/main/java/com/dsharnessmobile/shell/ConsoleActivity.kt:73:12 'var statusBarColor: Int' is deprecated. Deprecated in Java.
w: file:///D:/coding/dsh-mobile/dsh-mobile-apk/app/src/main/java/com/dsharnessmobile/shell/ConsoleActivity.kt:74:12 'var navigationBarColor: Int' is deprecated. Deprecated in Java.
w: file:///D:/coding/dsh-mobile/dsh-mobile-apk/app/src/main/java/com/dsharnessmobile/shell/DeviceControlService.kt:380:18 'var isChecked: Boolean' is deprecated. Deprecated in Java.
w: file:///D:/coding/dsh-mobile/dsh-mobile-apk/app/src/main/java/com/dsharnessmobile/shell/DeviceControlService.kt:437:10 'val defaultDisplay: Display!' is deprecated. Deprecated in Java.
w: file:///D:/coding/dsh-mobile/dsh-mobile-apk/app/src/main/java/com/dsharnessmobile/shell/EngineManager.kt:652:10 Only safe (?.) or non-null asserted (!!.) calls are allowed on a nullable receiver of type 'java.io.File?'.
w: file:///D:/coding/dsh-mobile/dsh-mobile-apk/app/src/main/java/com/dsharnessmobile/shell/EngineManager.kt:1220:27 Only safe (?.) or non-null asserted (!!.) calls are allowed on a nullable receiver of type 'java.io.File?'.
w: file:///D:/coding/dsh-mobile/dsh-mobile-apk/app/src/main/java/com/dsharnessmobile/shell/EngineManager.kt:1222:33 Only safe (?.) or non-null asserted (!!.) calls are allowed on a nullable receiver of type 'java.io.File?'.
w: file:///D:/coding/dsh-mobile/dsh-mobile-apk/app/src/main/java/com/dsharnessmobile/shell/FileIncoming.kt:314:36 'fun <T : Parcelable!> getParcelableExtra(p0: String!): T?' is deprecated. Deprecated in Java.
w: file:///D:/coding/dsh-mobile/dsh-mobile-apk/app/src/main/java/com/dsharnessmobile/shell/MainActivity.kt:757:24 'static field SCREEN_BRIGHT_WAKE_LOCK: Int' is deprecated. Deprecated in Java.
w: file:///D:/coding/dsh-mobile/dsh-mobile-apk/app/src/main/java/com/dsharnessmobile/shell/NotifyStore.kt:65:26 'constructor(p0: String!, p1: Int): FileObserver' is deprecated. Deprecated in Java.
w: file:///D:/coding/dsh-mobile/dsh-mobile-apk/app/src/main/java/com/dsharnessmobile/shell/OverlayLiveFeed.kt:32:24 'constructor(p0: String!, p1: Int): FileObserver' is deprecated. Deprecated in Java.
w: file:///D:/coding/dsh-mobile/dsh-mobile-apk/app/src/main/java/com/dsharnessmobile/shell/OverlayPanel.kt:362:7 Only safe (?.) or non-null asserted (!!.) calls are allowed on a nullable receiver of type 'com.dsharnessmobile.shell.ShimmerTextView?'.
w: file:///D:/coding/dsh-mobile/dsh-mobile-apk/app/src/main/java/com/dsharnessmobile/shell/OverlayService.kt:262:46 Only safe (?.) or non-null asserted (!!.) calls are allowed on a nullable receiver of type 'com.dsharnessmobile.shell.ShimmerTextView?'.
w: file:///D:/coding/dsh-mobile/dsh-mobile-apk/app/src/main/java/com/dsharnessmobile/shell/OverlayService.kt:298:29 Only safe (?.) or non-null asserted (!!.) calls are allowed on a nullable receiver of type 'com.dsharnessmobile.shell.ShimmerTextView?'.
w: file:///D:/coding/dsh-mobile/dsh-mobile-apk/app/src/main/java/com/dsharnessmobile/shell/OverlayService.kt:528:35 Only safe (?.) or non-null asserted (!!.) calls are allowed on a nullable receiver of type 'com.dsharnessmobile.shell.ShimmerTextView?'.
w: file:///D:/coding/dsh-mobile/dsh-mobile-apk/app/src/main/java/com/dsharnessmobile/shell/ShellState.kt:80:16 'static field SYSTEM_UI_FLAG_FULLSCREEN: Int' is deprecated. Deprecated in Java.
w: file:///D:/coding/dsh-mobile/dsh-mobile-apk/app/src/main/java/com/dsharnessmobile/shell/ShellState.kt:81:18 'static field SYSTEM_UI_FLAG_IMMERSIVE_STICKY: Int' is deprecated. Deprecated in Java.
w: file:///D:/coding/dsh-mobile/dsh-mobile-apk/app/src/main/java/com/dsharnessmobile/shell/ShellState.kt:82:18 'static field SYSTEM_UI_FLAG_LAYOUT_STABLE: Int' is deprecated. Deprecated in Java.
w: file:///D:/coding/dsh-mobile/dsh-mobile-apk/app/src/main/java/com/dsharnessmobile/shell/ShellState.kt:83:18 'static field SYSTEM_UI_FLAG_LAYOUT_FULLSCREEN: Int' is deprecated. Deprecated in Java.
w: file:///D:/coding/dsh-mobile/dsh-mobile-apk/app/src/main/java/com/dsharnessmobile/shell/ShellState.kt:87:35 'var systemUiVisibility: Int' is deprecated. Deprecated in Java.
w: file:///D:/coding/dsh-mobile/dsh-mobile-apk/app/src/main/java/com/dsharnessmobile/shell/WebUiChrome.kt:59:24 'static field SCREEN_BRIGHT_WAKE_LOCK: Int' is deprecated. Deprecated in Java.

> Task :app:compileDebugJavaWithJavac
> Task :app:processDebugJavaRes UP-TO-DATE
> Task :app:bundleDebugClassesToRuntimeJar
> Task :app:bundleDebugClassesToCompileJar

> Task :app:compileDebugUnitTestKotlin
w: file:///D:/coding/dsh-mobile/dsh-mobile-apk/app/src/test/java/com/dsharnessmobile/shell/SnapshotTransactionTest.kt:371:32 Only safe (?.) or non-null asserted (!!.) calls are allowed on a nullable receiver of type 'java.io.File?'.
w: file:///D:/coding/dsh-mobile/dsh-mobile-apk/app/src/test/java/com/dsharnessmobile/shell/SnapshotTransactionTest.kt:374:31 Only safe (?.) or non-null asserted (!!.) calls are allowed on a nullable receiver of type 'java.io.File?'.
w: file:///D:/coding/dsh-mobile/dsh-mobile-apk/app/src/test/java/com/dsharnessmobile/shell/SnapshotTransactionTest.kt:401:32 Only safe (?.) or non-null asserted (!!.) calls are allowed on a nullable receiver of type 'java.io.File?'.
w: file:///D:/coding/dsh-mobile/dsh-mobile-apk/app/src/test/java/com/dsharnessmobile/shell/SnapshotTransactionTest.kt:402:31 Only safe (?.) or non-null asserted (!!.) calls are allowed on a nullable receiver of type 'java.io.File?'.

> Task :app:compileDebugUnitTestJavaWithJavac NO-SOURCE
> Task :app:processDebugUnitTestJavaRes UP-TO-DATE
> Task :app:testDebugUnitTest

BUILD SUCCESSFUL in 1m 54s
25 actionable tasks: 6 executed, 19 up-to-date
