To honour the JVM settings for this build a single-use Daemon process will be forked. For more on this, please refer to https://docs.gradle.org/8.11.1/userguide/gradle_daemon.html#sec:disabling_the_daemon in the Gradle documentation.
Daemon will be stopped at the end of the build 
> Task :app:preBuild UP-TO-DATE
> Task :app:preDebugBuild UP-TO-DATE
> Task :app:compileDebugAidl UP-TO-DATE
> Task :app:checkKotlinGradlePluginConfigurationErrors SKIPPED
> Task :app:generateDebugBuildConfig UP-TO-DATE
> Task :app:checkDebugAarMetadata UP-TO-DATE
> Task :app:generateDebugResValues UP-TO-DATE
> Task :app:mapDebugSourceSetPaths UP-TO-DATE
> Task :app:generateDebugResources UP-TO-DATE
> Task :app:mergeDebugResources UP-TO-DATE
> Task :app:packageDebugResources UP-TO-DATE
> Task :app:parseDebugLocalResources UP-TO-DATE
> Task :app:createDebugCompatibleScreenManifests UP-TO-DATE
> Task :app:extractDeepLinksDebug UP-TO-DATE
> Task :app:processDebugMainManifest UP-TO-DATE
> Task :app:processDebugManifest UP-TO-DATE
> Task :app:processDebugManifestForPackage UP-TO-DATE
> Task :app:processDebugResources UP-TO-DATE
> Task :app:compileDebugKotlin FROM-CACHE
> Task :app:javaPreCompileDebug UP-TO-DATE
> Task :app:compileDebugJavaWithJavac FROM-CACHE
> Task :app:preDebugUnitTestBuild UP-TO-DATE
> Task :app:javaPreCompileDebugUnitTest UP-TO-DATE
> Task :app:processDebugJavaRes UP-TO-DATE
> Task :app:bundleDebugClassesToCompileJar
> Task :app:bundleDebugClassesToRuntimeJar

> Task :app:compileDebugUnitTestKotlin
w: file:///D:/coding/dsh-mobile/dsh-mobile-apk/app/src/test/java/com/dsharnessmobile/shell/SnapshotTransactionTest.kt:371:32 Only safe (?.) or non-null asserted (!!.) calls are allowed on a nullable receiver of type 'java.io.File?'.
w: file:///D:/coding/dsh-mobile/dsh-mobile-apk/app/src/test/java/com/dsharnessmobile/shell/SnapshotTransactionTest.kt:374:31 Only safe (?.) or non-null asserted (!!.) calls are allowed on a nullable receiver of type 'java.io.File?'.
w: file:///D:/coding/dsh-mobile/dsh-mobile-apk/app/src/test/java/com/dsharnessmobile/shell/SnapshotTransactionTest.kt:401:32 Only safe (?.) or non-null asserted (!!.) calls are allowed on a nullable receiver of type 'java.io.File?'.
w: file:///D:/coding/dsh-mobile/dsh-mobile-apk/app/src/test/java/com/dsharnessmobile/shell/SnapshotTransactionTest.kt:402:31 Only safe (?.) or non-null asserted (!!.) calls are allowed on a nullable receiver of type 'java.io.File?'.

> Task :app:compileDebugUnitTestJavaWithJavac NO-SOURCE
> Task :app:processDebugUnitTestJavaRes UP-TO-DATE
> Task :app:testDebugUnitTest

BUILD SUCCESSFUL in 50s
25 actionable tasks: 4 executed, 2 from cache, 19 up-to-date
