To honour the JVM settings for this build a single-use Daemon process will be forked. For more on this, please refer to https://docs.gradle.org/8.11.1/userguide/gradle_daemon.html#sec:disabling_the_daemon in the Gradle documentation.
Daemon will be stopped at the end of the build 
> Task :app:preBuild UP-TO-DATE
> Task :app:preDebugBuild UP-TO-DATE
> Task :app:compileDebugAidl UP-TO-DATE
> Task :app:checkKotlinGradlePluginConfigurationErrors SKIPPED
> Task :app:generateDebugBuildConfig FROM-CACHE
> Task :app:checkDebugAarMetadata UP-TO-DATE
> Task :app:generateDebugResValues UP-TO-DATE
> Task :app:mapDebugSourceSetPaths UP-TO-DATE
> Task :app:generateDebugResources UP-TO-DATE
> Task :app:mergeDebugResources UP-TO-DATE
> Task :app:packageDebugResources UP-TO-DATE
> Task :app:parseDebugLocalResources UP-TO-DATE
> Task :app:createDebugCompatibleScreenManifests
> Task :app:extractDeepLinksDebug UP-TO-DATE
> Task :app:processDebugMainManifest FROM-CACHE
> Task :app:processDebugManifest FROM-CACHE
> Task :app:processDebugManifestForPackage FROM-CACHE
> Task :app:processDebugResources FROM-CACHE
> Task :app:javaPreCompileDebug UP-TO-DATE
> Task :app:preDebugUnitTestBuild UP-TO-DATE
> Task :app:javaPreCompileDebugUnitTest UP-TO-DATE

> Task :app:compileDebugKotlin FAILED
e: file:///D:/coding/dsh-mobile/dsh-mobile-apk/app/src/main/java/com/dsharnessmobile/shell/EngineManager.kt:110:41 Unresolved reference 'recover'.
e: file:///D:/coding/dsh-mobile/dsh-mobile-apk/app/src/main/java/com/dsharnessmobile/shell/EngineManager.kt:165:31 Unresolved reference 'rollback'.
e: file:///D:/coding/dsh-mobile/dsh-mobile-apk/app/src/main/java/com/dsharnessmobile/shell/EngineManager.kt:198:29 Unresolved reference 'recover'.
e: file:///D:/coding/dsh-mobile/dsh-mobile-apk/app/src/main/java/com/dsharnessmobile/shell/SnapshotTransaction.kt:60:16 Unresolved reference 'render'.
e: file:///D:/coding/dsh-mobile/dsh-mobile-apk/app/src/main/java/com/dsharnessmobile/shell/SnapshotTransaction.kt:142:5 Unresolved reference 'replaceEntry'.
e: file:///D:/coding/dsh-mobile/dsh-mobile-apk/app/src/main/java/com/dsharnessmobile/shell/SnapshotTransaction.kt:167:13 Unresolved reference 'replaceEntry'.
e: file:///D:/coding/dsh-mobile/dsh-mobile-apk/app/src/main/java/com/dsharnessmobile/shell/SnapshotTransaction.kt:182:11 Unresolved reference 'replaceEntry'.
e: file:///D:/coding/dsh-mobile/dsh-mobile-apk/app/src/main/java/com/dsharnessmobile/shell/SnapshotTransaction.kt:236:7 Unresolved reference 'mergeTree'.
e: file:///D:/coding/dsh-mobile/dsh-mobile-apk/app/src/main/java/com/dsharnessmobile/shell/SnapshotTransaction.kt:262:4 Syntax error: Missing '}.
e: file:///D:/coding/dsh-mobile/dsh-mobile-apk/app/src/main/java/com/dsharnessmobile/shell/SnapshotTransaction.kt:493:1 Syntax error: Unclosed comment.

FAILURE: Build failed with an exception.

* What went wrong:
Execution failed for task ':app:compileDebugKotlin'.
> A failure occurred while executing org.jetbrains.kotlin.compilerRunner.GradleCompilerRunnerWithWorkers$GradleKotlinCompilerWorkAction
   > Compilation error. See log for more details

* Try:
> Run with --stacktrace option to get the stack trace.
> Run with --info or --debug option to get more log output.
> Run with --scan to get full insights.
> Get more help at https://help.gradle.org.

BUILD FAILED in 53s
18 actionable tasks: 2 executed, 5 from cache, 11 up-to-date
