To honour the JVM settings for this build a single-use Daemon process will be forked. For more on this, please refer to https://docs.gradle.org/8.11.1/userguide/gradle_daemon.html#sec:disabling_the_daemon in the Gradle documentation.
Daemon will be stopped at the end of the build 
> Task :app:preBuild UP-TO-DATE
> Task :app:preDebugBuild UP-TO-DATE
> Task :app:compileDebugAidl UP-TO-DATE
> Task :app:checkKotlinGradlePluginConfigurationErrors SKIPPED
> Task :app:generateDebugBuildConfig UP-TO-DATE
> Task :app:checkDebugAarMetadata UP-TO-DATE
> Task :app:generateDebugResValues UP-TO-DATE
> Task :app:mapDebugSourceSetPaths UP-TO-DATE
> Task :app:generateDebugResources UP-TO-DATE
> Task :app:mergeDebugResources UP-TO-DATE
> Task :app:packageDebugResources UP-TO-DATE
> Task :app:parseDebugLocalResources UP-TO-DATE
> Task :app:createDebugCompatibleScreenManifests UP-TO-DATE
> Task :app:extractDeepLinksDebug UP-TO-DATE
> Task :app:processDebugMainManifest UP-TO-DATE
> Task :app:processDebugManifest UP-TO-DATE
> Task :app:processDebugManifestForPackage UP-TO-DATE
> Task :app:processDebugResources UP-TO-DATE
> Task :app:javaPreCompileDebug UP-TO-DATE
> Task :app:preDebugUnitTestBuild UP-TO-DATE
> Task :app:javaPreCompileDebugUnitTest UP-TO-DATE
> Task :app:compileDebugKotlin
> Task :app:compileDebugJavaWithJavac UP-TO-DATE
> Task :app:processDebugJavaRes UP-TO-DATE
> Task :app:bundleDebugClassesToRuntimeJar
> Task :app:bundleDebugClassesToCompileJar

> Task :app:compileDebugUnitTestKotlin
w: file:///D:/coding/dsh-mobile/dsh-mobile-apk/app/src/test/java/com/dsharnessmobile/shell/SnapshotTransactionTest.kt:371:32 Only safe (?.) or non-null asserted (!!.) calls are allowed on a nullable receiver of type 'java.io.File?'.
w: file:///D:/coding/dsh-mobile/dsh-mobile-apk/app/src/test/java/com/dsharnessmobile/shell/SnapshotTransactionTest.kt:374:31 Only safe (?.) or non-null asserted (!!.) calls are allowed on a nullable receiver of type 'java.io.File?'.
w: file:///D:/coding/dsh-mobile/dsh-mobile-apk/app/src/test/java/com/dsharnessmobile/shell/SnapshotTransactionTest.kt:401:32 Only safe (?.) or non-null asserted (!!.) calls are allowed on a nullable receiver of type 'java.io.File?'.
w: file:///D:/coding/dsh-mobile/dsh-mobile-apk/app/src/test/java/com/dsharnessmobile/shell/SnapshotTransactionTest.kt:402:31 Only safe (?.) or non-null asserted (!!.) calls are allowed on a nullable receiver of type 'java.io.File?'.

> Task :app:compileDebugUnitTestJavaWithJavac NO-SOURCE
> Task :app:processDebugUnitTestJavaRes UP-TO-DATE

> Task :app:testDebugUnitTest

SnapshotTransactionTest > profileRootManifestKeepsUserPinAndUnionsTheNestedFactoryBundles FAILED
    java.lang.AssertionError at SnapshotTransactionTest.kt:444

SnapshotTransactionTest > nestedCordisPatchYmlFollowsTheFactoryNotTheLiveCopy FAILED
    org.junit.ComparisonFailure at SnapshotTransactionTest.kt:408

SnapshotTransactionTest > nestedNodeModulesManifestFollowsTheFactoryNotTheLiveCopy FAILED
    java.lang.AssertionError at SnapshotTransactionTest.kt:381

27 tests completed, 3 failed

> Task :app:testDebugUnitTest FAILED

FAILURE: Build failed with an exception.

* What went wrong:
Execution failed for task ':app:testDebugUnitTest'.
> There were failing tests. See the report at: file:///D:/coding/dsh-mobile/dsh-mobile-apk/app/build/reports/tests/testDebugUnitTest/index.html

* Try:
> Run with --scan to get full insights.

BUILD FAILED in 54s
25 actionable tasks: 5 executed, 20 up-to-date
